// Jest Snapshot v1, https://goo.gl/fbAQLP

exports[`ListFavoriteScholarships.vue should render default state 1`] = `
"<section class=\\"card-favorite-scholarships\\">
  <addcoursecard-stub></addcoursecard-stub>
  <div class=\\"favorite-scholarships-list\\">
    <div class=\\"scholarships-content\\">
      <div class=\\"scholarship-content__logo\\"><img src=\\"https://www.tryimg.com/u/2019/04/16/unip.png\\" alt=\\"\\" width=\\"35%\\"></div> <span class=\\"scholarships-content__span\\"><b>UNIP</b></span>
      <p class=\\"scholarships-content__name-course\\">Engenharia M</p>
      <div class=\\"scholarship-content__star-rating\\"><img src=\\"@/assets/star-rating.png\\" width=\\"40%\\" class=\\"scholarship-content__star-rating__image\\">
        <p class=\\"scholarships-content__text\\"><b>4.5</b></p>
      </div>
      <hr> <span class=\\"scholarships-content__span\\"><b>Presencial - Noite</b></span>
      <p class=\\"scholarships-content__text\\">Início das aulas em: 01/08/2019</p>
      <hr>
      <p class=\\"scholarships-content__text\\">Mensalidade com o Quero Bolsa:</p>
      <p class=\\"scholarships-content__text\\"><s>2139.64</s></p>
      <h3 class=\\"scholarships-content__h3\\">R$ 706.08/mês</h3>
      <div class=\\"favorite-scholarships-list__buttons\\"><button class=\\"btn btn--delete\\">Excluir</button> <button class=\\"btn btn--show-offers\\">Ver oferta</button></div>
    </div>
  </div>
</section>"
`;
