// Jest Snapshot v1, https://goo.gl/fbAQLP

exports[`Menu should render default state 1`] = `
"<div>
  <section class=\\"menu\\">
    <div class=\\"menu-elements\\"><a href=\\"\\">
        <p>Minha conta</p>
      </a> <a href=\\"\\">
        <p>Menu</p> <img src=\\"@/assets/chevron-down-solid.svg\\" alt=\\"\\">
      </a></div>
  </section>
</div>"
`;
